// 这个文件包含多种错误，用于测试错误处理

// 1. 语法错误：缺少分号
let x = 1
print("x = " + x + "\n");

// 2. 语法错误：缺少右括号
let y = (2 + 3;
print("y = " + y + "\n");

// 3. 词法错误：未终止的字符串
let z = "unterminated string;
print("z = " + z + "\n");

// 4. 词法错误：无效转义字符
let w = "Hello\kWorld";
print("w = " + w + "\n");
